// Jest Snapshot v1, https://goo.gl/fbAQLP

exports[`render client list component with data 1`] = `
<div
  className="button-material-primary"
>
  <Link
    className="list-item"
    replace={false}
    to="/clients/edit/2"
  >
    <div>
      <h3
        className="list-item__title"
      >
        2 name
         
        2 surname
      </h3>
      <span
        className="list-item__subtitle"
      >
        2 note
      </span>
    </div>
  </Link>
</div>
`;
